// Jest Snapshot v1, https://goo.gl/fbAQLP

exports[`<OriginPresenter/> should match snapshot 1`] = `
<View
  style={
    Object {
      "backgroundColor": "#F5FCFF",
      "flex": 1,
      "height": 900,
      "paddingLeft": 20,
      "paddingTop": 10,
      "width": 400,
    }
  }
>
  <View
    style={
      Object {
        "marginBottom": 10,
        "width": 300,
      }
    }
  >
    <View
      accessibilityRole="button"
      accessibilityStates={Array []}
      accessible={true}
      focusable={true}
      isTVSelectable={true}
      onClick={[Function]}
      onResponderGrant={[Function]}
      onResponderMove={[Function]}
      onResponderRelease={[Function]}
      onResponderTerminate={[Function]}
      onResponderTerminationRequest={[Function]}
      onStartShouldSetResponder={[Function]}
      style={
        Object {
          "opacity": 1,
        }
      }
    >
      <View
        style={
          Array [
            Object {},
          ]
        }
      >
        <Text
          disabled={false}
          style={
            Array [
              Object {
                "color": "#007AFF",
                "fontSize": 18,
                "padding": 8,
                "textAlign": "center",
              },
            ]
          }
        >
          Next
        </Text>
      </View>
    </View>
  </View>
  <View
    style={
      Array [
        Object {
          "zIndex": 1,
        },
        Object {
          "width": 320,
        },
      ]
    }
  >
    <View
      style={
        Array [
          Object {
            "borderColor": "#b9b9b9",
            "borderRadius": 1,
            "borderWidth": 1,
          },
          undefined,
        ]
      }
    >
      <TextInput
        allowFontScaling={true}
        containerStyle={
          Object {
            "width": 320,
          }
        }
        data={
          Array [
            Object {
              "formatted": "Kampala",
              "geometry": Object {
                "lat": 0.4,
                "lng": 0.344,
              },
            },
            Object {
              "formatted": "Ntinda",
              "geometry": Object {
                "lat": 0.4,
                "lng": 0.344,
              },
            },
            Object {
              "formatted": "Kiwatule",
              "geometry": Object {
                "lat": 0.4,
                "lng": 0.344,
              },
            },
          ]
        }
        defaultValue="Kampala"
        flatListProps={Object {}}
        keyboardShouldPersistTaps="always"
        onChangeText={[Function]}
        onEndEditing={[Function]}
        onStartShouldSetResponderCapture={[Function]}
        placeholder="Enter Origin"
        rejectResponderTermination={true}
        renderItem={[Function]}
        renderSeparator={null}
        renderTextInput={[Function]}
        style={
          Array [
            Object {
              "backgroundColor": "white",
              "height": 40,
              "paddingLeft": 3,
            },
            undefined,
          ]
        }
        underlineColorAndroid="transparent"
      />
    </View>
    <View
      onStartShouldSetResponderCapture={[Function]}
    >
      <RCTScrollView
        data={
          Array [
            Object {
              "formatted": "Kampala",
              "geometry": Object {
                "lat": 0.4,
                "lng": 0.344,
              },
            },
            Object {
              "formatted": "Ntinda",
              "geometry": Object {
                "lat": 0.4,
                "lng": 0.344,
              },
            },
            Object {
              "formatted": "Kiwatule",
              "geometry": Object {
                "lat": 0.4,
                "lng": 0.344,
              },
            },
          ]
        }
        disableVirtualization={false}
        getItem={[Function]}
        getItemCount={[Function]}
        horizontal={false}
        initialNumToRender={10}
        keyExtractor={[Function]}
        keyboardShouldPersistTaps="always"
        maxToRenderPerBatch={10}
        numColumns={1}
        onContentSizeChange={[Function]}
        onEndReachedThreshold={2}
        onLayout={[Function]}
        onMomentumScrollEnd={[Function]}
        onScroll={[Function]}
        onScrollBeginDrag={[Function]}
        onScrollEndDrag={[Function]}
        removeClippedSubviews={false}
        renderItem={[Function]}
        renderSeparator={null}
        scrollEventThrottle={50}
        stickyHeaderIndices={Array []}
        style={
          Array [
            Object {
              "backgroundColor": "white",
              "borderColor": "#b9b9b9",
              "borderRadius": 1,
              "borderTopWidth": 0,
              "borderWidth": 1,
              "left": 0,
              "position": "absolute",
              "right": 0,
            },
            undefined,
          ]
        }
        updateCellsBatchingPeriod={50}
        viewabilityConfigCallbackPairs={Array []}
        windowSize={21}
      >
        <View>
          <View
            onLayout={[Function]}
            style={null}
          >
            <View
              accessible={true}
              focusable={true}
              isTVSelectable={true}
              onClick={[Function]}
              onResponderGrant={[Function]}
              onResponderMove={[Function]}
              onResponderRelease={[Function]}
              onResponderTerminate={[Function]}
              onResponderTerminationRequest={[Function]}
              onStartShouldSetResponder={[Function]}
              style={
                Object {
                  "backgroundColor": "#F5FCFF",
                  "color": "white",
                  "fontSize": 15,
                  "margin": 2,
                  "opacity": 1,
                  "padding": 5,
                }
              }
            >
              <Text>
                Kampala
              </Text>
            </View>
          </View>
          <View
            onLayout={[Function]}
            style={null}
          >
            <View
              accessible={true}
              focusable={true}
              isTVSelectable={true}
              onClick={[Function]}
              onResponderGrant={[Function]}
              onResponderMove={[Function]}
              onResponderRelease={[Function]}
              onResponderTerminate={[Function]}
              onResponderTerminationRequest={[Function]}
              onStartShouldSetResponder={[Function]}
              style={
                Object {
                  "backgroundColor": "#F5FCFF",
                  "color": "white",
                  "fontSize": 15,
                  "margin": 2,
                  "opacity": 1,
                  "padding": 5,
                }
              }
            >
              <Text>
                Ntinda
              </Text>
            </View>
          </View>
          <View
            onLayout={[Function]}
            style={null}
          >
            <View
              accessible={true}
              focusable={true}
              isTVSelectable={true}
              onClick={[Function]}
              onResponderGrant={[Function]}
              onResponderMove={[Function]}
              onResponderRelease={[Function]}
              onResponderTerminate={[Function]}
              onResponderTerminationRequest={[Function]}
              onStartShouldSetResponder={[Function]}
              style={
                Object {
                  "backgroundColor": "#F5FCFF",
                  "color": "white",
                  "fontSize": 15,
                  "margin": 2,
                  "opacity": 1,
                  "padding": 5,
                }
              }
            >
              <Text>
                Kiwatule
              </Text>
            </View>
          </View>
        </View>
      </RCTScrollView>
    </View>
  </View>
</View>
`;
